// Jest Snapshot v1, https://goo.gl/fbAQLP

exports[`changes the class when hovered 1`] = `
<div
  className="siteFullWindow"
>
  <header
    className="header"
    id="indexHeader"
  >
    <div
      className="leftHeader"
    >
      <a
        href="/"
        onClick={[Function]}
      >
        <div
          className="material-symbols-outlined"
        >
          Home
        </div>
      </a>
      <p
        className="headerItems"
        id="myHeaderName"
      >
        Matthew Pelnik
      </p>
    </div>
    <div
      className="rightHeader"
    >
      <a
        className="wideHeaderItems"
        href="/about"
        onClick={[Function]}
      >
        <p
          className="headerItems"
          id="myAboutPage"
        >
          About
        </p>
      </a>
      <a
        className="wideHeaderItems"
        href="/portfolio"
        onClick={[Function]}
      >
        <p
          className="headerItems"
          id="myPortfolio"
        >
          Portfolio
        </p>
      </a>
      <a
        className="articleIconContainer"
        href="/about"
        onClick={[Function]}
      >
        <img
          alt="about"
          className="articleIcon"
          id="aboutIcon"
          src="/Media/main/aboutPageIcon.svg"
        />
      </a>
      <a
        className="articleIconContainer"
        href="/portfolio"
        onClick={[Function]}
      >
        <img
          alt="portfolio"
          className="articleIcon"
          src="/Media/main/article_FILL1_wght600_GRAD0_opsz48.svg"
        />
      </a>
    </div>
  </header>
  <div
    className="main"
    id="aboutMain"
  >
    <div
      className="mainContainer"
      id="aboutMainContainer"
    >
      <div
        id="indexTextContentContainer"
      >
        <div
          className="indexTextContent"
        >
          <h1>
            About me
          </h1>
          <p>
            I'm a full stack web software engineer open to relocating and working on-site or remotely. I previously received my chemical engineering degree and went to work with an energy company in Tulsa. While there, I found my passion for technology systems, initially starting with business intelligence reports where I created automated reporting from various systems. I have since worked on "low code" user interface platforms to generate online user entry forms, built automation systems at Oracle for a federal contract deliverables tracking system, and coded in the data language SAS and SQL full-time, as well as Power Query M and DAX.
          </p>
          <p>
            My goal is to take the next step and advance my passion and technical background further through a full-time software development position. Please have a look at my portfolio.
          </p>
          <p>
            In my free time, I like doing anything active, running and biking particularly. If I get a chance I will take a trip to go hiking since there is not a lot near me. I'm in a kickball rec league and enjoy a good trivia night with friends.
          </p>
          <p>
            Please feel free to reach out to me at any time at (918) 798-2238 or matt@pelnik.dev.
          </p>
        </div>
      </div>
      <div
        className="aboutIMGContainer"
      >
        <img
          alt="Matt Pelnik professional pic"
          className="professionalPicMain rightFlexIMG"
          src="/Media/main/Professional pic.jpg"
        />
        <img
          alt="Colorado trip"
          className="rightFlexIMG"
          id="aboutColoradoPic"
          src="/Media/main/about_Colorado_pic.jpeg"
        />
        <img
          alt="kickball team"
          className="rightFlexIMG"
          id="aboutKickballPic"
          src="/Media/main/about_kickball_pic.JPG"
        />
      </div>
    </div>
  </div>
  <footer
    id="footer"
  >
    <div
      id="footerIconParent"
    >
      <a
        href="https://www.linkedin.com/in/mpelnik/"
        rel="noreferrer"
        target="_blank"
      >
        <img
          alt="linkedIn"
          className="footerIcon"
          src="/Media/main/linkedin_icon.svg"
        />
      </a>
      <a
        href="https://github.com/pelnik"
        rel="noreferrer"
        target="_blank"
      >
        <img
          alt="github"
          className="footerIcon"
          src="/Media/main/github_icon.svg"
        />
      </a>
      <a
        href="tel:9187982238"
      >
        <img
          alt="call"
          className="footerIcon"
          src="/Media/main/phone_icon.svg"
        />
      </a>
      <a
        href="mailto:matt@pelnik.dev"
      >
        <img
          alt="email"
          className="footerIcon"
          src="/Media/main/email_icon.svg"
        />
      </a>
    </div>
  </footer>
</div>
`;
